THE METADATA HAVE BEEN SUCCESSFULLY IMPORTED


Import: reading data

Import: checking data integrity

Import: analyzing changes

Import: waiting for connections to close

Import: applying changes to the database

CREATE TABLE "CUSTOMERS"
(
"ID" INTEGER PRIMARY KEY,
"COMPANY" TEXT,
"LAST_NAME" TEXT,
"FIRST_NAME" TEXT,
"EMAIL_ADDRESS" TEXT,
"JOB_TITLE" TEXT,
"BUSINESS_PHONE" TEXT,
"HOME_PHONE" TEXT,
"MOBILE_PHONE" TEXT,
"FAX_NUMBER" TEXT,
"ADDRESS" TEXT,
"CITY" TEXT,
"STATE_PROVINCE" TEXT,
"ZIP_POSTAL_CODE" TEXT,
"COUNTRY_REGION" TEXT,
"WEB_PAGE" TEXT,
"NOTES" TEXT,
"ATTACHMENTS" TEXT
)
CREATE TABLE "EMPLOYEES"
(
"ID" INTEGER PRIMARY KEY,
"COMPANY" TEXT,
"LAST_NAME" TEXT,
"FIRST_NAME" TEXT,
"EMAIL_ADDRESS" TEXT,
"JOB_TITLE" TEXT,
"BUSINESS_PHONE" TEXT,
"HOME_PHONE" TEXT,
"MOBILE_PHONE" TEXT,
"FAX_NUMBER" TEXT,
"ADDRESS" TEXT,
"CITY" TEXT,
"STATE_PROVINCE" TEXT,
"ZIP_POSTAL_CODE" TEXT,
"COUNTRY_REGION" TEXT,
"WEB_PAGE" TEXT,
"NOTES" TEXT,
"ATTACHMENTS" TEXT
)
CREATE TABLE "SUPPLIERS"
(
"ID" INTEGER PRIMARY KEY,
"COMPANY" TEXT,
"LAST_NAME" TEXT,
"FIRST_NAME" TEXT,
"EMAIL_ADDRESS" TEXT,
"JOB_TITLE" TEXT,
"BUSINESS_PHONE" TEXT,
"HOME_PHONE" TEXT,
"MOBILE_PHONE" TEXT,
"FAX_NUMBER" TEXT,
"ADDRESS" TEXT,
"CITY" TEXT,
"STATE_PROVINCE" TEXT,
"ZIP_POSTAL_CODE" TEXT,
"COUNTRY_REGION" TEXT,
"WEB_PAGE" TEXT,
"NOTES" TEXT,
"ATTACHMENTS" TEXT
)
CREATE TABLE "PRODUCTS"
(
"SUPPLIER_IDS" TEXT,
"ID" INTEGER PRIMARY KEY,
"PRODUCT_CODE" TEXT,
"PRODUCT_NAME" TEXT,
"DESCRIPTION" TEXT,
"STANDARD_COST" REAL,
"LIST_PRICE" REAL,
"REORDER_LEVEL" INTEGER,
"TARGET_LEVEL" INTEGER,
"QUANTITY_PER_UNIT" TEXT,
"DISCONTINUED" INTEGER,
"MINIMUM_REORDER_QUANTITY" INTEGER,
"CATEGORY" TEXT,
"ATTACHMENTS" TEXT
)
CREATE TABLE "SHIPPERS"
(
"ID" INTEGER PRIMARY KEY,
"COMPANY" TEXT,
"LAST_NAME" TEXT,
"FIRST_NAME" TEXT,
"EMAIL_ADDRESS" TEXT,
"JOB_TITLE" TEXT,
"BUSINESS_PHONE" TEXT,
"HOME_PHONE" TEXT,
"MOBILE_PHONE" TEXT,
"FAX_NUMBER" TEXT,
"ADDRESS" TEXT,
"CITY" TEXT,
"STATE_PROVINCE" TEXT,
"ZIP_POSTAL_CODE" TEXT,
"COUNTRY_REGION" TEXT,
"WEB_PAGE" TEXT,
"NOTES" TEXT,
"ATTACHMENTS" TEXT
)
CREATE TABLE "ORDERS"
(
"ORDER_ID" INTEGER PRIMARY KEY,
"EMPLOYEE_ID" INTEGER,
"CUSTOMER_ID" INTEGER,
"ORDER_DATE" TEXT,
"SHIPPED_DATE" TEXT,
"SHIPPER_ID" INTEGER,
"SHIP_NAME" TEXT,
"SHIP_ADDRESS" TEXT,
"SHIP_CITY" TEXT,
"SHIP_STATE_PROVINCE" TEXT,
"SHIP_ZIP_POSTAL_CODE" TEXT,
"SHIP_COUNTRY_REGION" TEXT,
"SHIPPING_FEE" REAL,
"TAXES" REAL,
"PAYMENT_TYPE" TEXT,
"PAID_DATE" TEXT,
"NOTES" TEXT,
"TAX_RATE" REAL,
"TAX_STATUS" INTEGER,
"STATUS_ID" INTEGER
)
CREATE TABLE "INVOICES"
(
"INVOICE_ID" INTEGER PRIMARY KEY,
"ORDER_ID" INTEGER,
"INVOICE_DATE" TEXT,
"DUE_DATE" TEXT,
"TAX" REAL,
"SHIPPING" REAL,
"AMOUNT_DUE" REAL
)
CREATE TABLE "INVENTORY_TRANSACTIONS"
(
"TRANSACTION_ID" INTEGER PRIMARY KEY,
"TRANSACTION_TYPE" INTEGER,
"TRANSACTION_CREATED_DATE" TEXT,
"TRANSACTION_MODIFIED_DATE" TEXT,
"PRODUCT_ID" INTEGER,
"QUANTITY" INTEGER,
"PURCHASE_ORDER_ID" INTEGER,
"CUSTOMER_ORDER_ID" INTEGER,
"COMMENTS" TEXT
)
CREATE TABLE "INVENTORY_TRANSACTION_TYPES"
(
"ID" INTEGER,
"TYPE_NAME" TEXT,
"ID_ROWID" INTEGER PRIMARY KEY
)
CREATE TABLE "ORDER_DETAILS_STATUS"
(
"STATUS_ID" INTEGER,
"STATUS_NAME" TEXT,
"ID_ROWID" INTEGER PRIMARY KEY
)
CREATE TABLE "ORDERS_STATUS"
(
"STATUS_ID" INTEGER,
"STATUS_NAME" TEXT,
"ID_ROWID" INTEGER PRIMARY KEY
)
CREATE TABLE "ORDERS_TAX_STATUS"
(
"ID" INTEGER,
"TAX_STATUS_NAME" TEXT,
"ID_ROWID" INTEGER PRIMARY KEY
)
CREATE TABLE "PURCHASE_ORDER_STATUS"
(
"STATUS_ID" INTEGER,
"STATUS" TEXT,
"ID_ROWID" INTEGER PRIMARY KEY
)
CREATE TABLE "PURCHASE_ORDERS"
(
"PURCHASE_ORDER_ID" INTEGER PRIMARY KEY DEFAULT 0,
"SUPPLIER_ID" INTEGER,
"CREATED_BY" INTEGER,
"SUBMITTED_DATE" TEXT,
"CREATION_DATE" TEXT,
"STATUS_ID" INTEGER,
"EXPECTED_DATE" TEXT,
"SHIPPING_FEE" REAL,
"TAXES" REAL DEFAULT 0,
"PAYMENT_DATE" TEXT,
"PAYMENT_AMOUNT" REAL DEFAULT 0,
"PAYMENT_METHOD" TEXT,
"NOTES" TEXT,
"APPROVED_BY" INTEGER,
"APPROVED_DATE" TEXT,
"SUBMITTED_BY" INTEGER
)
CREATE TABLE "ORDER_DETAILS"
(
"ID" INTEGER PRIMARY KEY,
"ORDER_ID" INTEGER,
"PRODUCT_ID" INTEGER,
"QUANTITY" INTEGER,
"UNIT_PRICE" REAL,
"DISCOUNT" REAL DEFAULT 0,
"STATUS_ID" INTEGER,
"DATE_ALLOCATED" TEXT,
"PURCHASE_ORDER_ID" INTEGER,
"INVENTORY_ID" INTEGER,
"TOTAL_PRICE" REAL DEFAULT 0
)
CREATE TABLE "PURCHASE_ORDER_DETAILS"
(
"ID" INTEGER PRIMARY KEY,
"PURCHASE_ORDER_ID" INTEGER,
"PRODUCT_ID" INTEGER,
"QUANTITY" REAL,
"UNIT_COST" REAL,
"DATE_RECEIVED" TEXT,
"POSTED_TO_INVENTORY" INTEGER,
"INVENTORY_ID" INTEGER,
"TOTAL_PRICE" REAL
)
CREATE TABLE "API_CALL"
(
"ID" INTEGER PRIMARY KEY,
"REQUEST" TEXT,
"ENDPOINT" TEXT,
"VALUE" TEXT
)
CREATE TABLE "NORTHWIND_TRADERS_HISTORY"
(
"ITEM_ID" INTEGER,
"ITEM_REC_ID" INTEGER,
"OPERATION" INTEGER,
"CHANGES" TEXT,
"USER" TEXT,
"DATE" TEXT
)
CREATE TABLE "NORTHWIND_TRADERS_USERS"
(
"ID" INTEGER PRIMARY KEY,
"RECORD_VERSION" INTEGER,
"EMPLOYEE_ID" INTEGER,
"USER_LOGIN" TEXT,
"ROLE_ID" INTEGER,
"USER_ACTIVE" INTEGER,
"PASSWORD" TEXT,
"PASSWORD_HASH" TEXT,
"EMAIL_ADDRESS" TEXT
)
CREATE TABLE "NORTHWIND_TRADERS_ROLES"
(
"ID" INTEGER PRIMARY KEY,
"ROLE_NAME" TEXT
)
CREATE  INDEX "NORTHWIND_TRADERS_SUPPLIERS_IDX" ON "SUPPLIERS" ("COMPANY" )
CREATE  INDEX "NORTHWIND_TRADERS_INVENTORY_TRANSACTIONS_IDX" ON "INVENTORY_TRANSACTIONS" ("PRODUCT_ID" , "TRANSACTION_TYPE" )
CREATE  INDEX "NORTHWIND_TRADERS_PURCHASE_ORDER_DETAILS_IDX" ON "PURCHASE_ORDER_DETAILS" ("PRODUCT_ID" , "POSTED_TO_INVENTORY" )
CREATE  INDEX "NORTHWIND_TRADERS_ORDER_DETAILS_IDX" ON "ORDER_DETAILS" ("PRODUCT_ID" , "STATUS_ID" )
CREATE  INDEX "NORTHWIND_TRADERS_INVENTORY_TRANSACTIONS_DATE_IDX" ON "INVENTORY_TRANSACTIONS" ("TRANSACTION_CREATED_DATE" )
CREATE  INDEX "NORTHWIND_TRADERS_HISTORY_IDX" ON "NORTHWIND_TRADERS_HISTORY" ("ITEM_ID" , "ITEM_REC_ID" )
CREATE  INDEX "NORTHWIND_TRADERS_ORDERS_C_IDX" ON "ORDERS" ("CUSTOMER_ID" )
CREATE  INDEX "NORTHWIND_TRADERS_USERS_EM_IDX" ON "NORTHWIND_TRADERS_USERS" ("EMPLOYEE_ID" )
CREATE  INDEX "NORTHWIND_TRADERS_USERS_RO_IDX" ON "NORTHWIND_TRADERS_USERS" ("ROLE_ID" )
CREATE  INDEX "NORTHWIND_TRADERS_ORDERS_E_IDX" ON "ORDERS" ("EMPLOYEE_ID" )
Import: applying changes to admin.sqlite

Import: copying files
